  Downloaded crunchy v0.2.4
  Downloaded crypto-common v0.1.7
  Downloaded digest v0.10.7
  Downloaded fnv v1.0.7
  Downloaded futures-channel v0.3.34
  Downloaded hmac v0.12.1
  Downloaded fastrand v2.5.0
  Downloaded dunce v1.0.5
  Downloaded generic-array v0.14.7
  Downloaded httparse v1.10.1
  Downloaded httpdate v1.0.3
  Downloaded is-terminal v0.4.17
  Downloaded pkg-config v0.3.34
  Downloaded proc-macro2 v1.0.107
  Downloaded r-efi v5.3.0
  Downloaded lazy_static v1.5.0
  Downloaded matchers v0.2.0
  Downloaded percent-encoding v2.3.2
  Downloaded pgwire-replication v0.4.0
  Downloaded plotters-backend v0.3.7
  Downloaded atomic-waker v1.1.2
  Downloaded quick-error v1.2.3
  Downloaded rand_xorshift v0.4.0
  Downloaded tokio-macros v2.7.2
  Downloaded criterion-plot v0.5.0
  Downloaded fs_extra v1.3.0
  Downloaded http-body-util v0.1.5
  Downloaded itoa v1.0.18
  Downloaded ciborium-io v0.2.2
  Downloaded http-body v1.1.0
  Downloaded mime v0.3.17
  Downloaded plotters-svg v0.3.7
  Downloaded subtle v2.6.1
  Downloaded thread_local v1.1.10
  Downloaded winapi-util v0.1.11
  Downloaded block-buffer v0.10.4
  Downloaded ciborium-ll v0.2.2
  Downloaded cpufeatures v0.2.17
  Downloaded futures-sink v0.3.34
  Downloaded hermit-abi v0.5.2
  Downloaded js-sys v0.3.104
  Downloaded oorandom v11.1.5
  Downloaded rand_chacha v0.9.0
  Downloaded rand_core v0.9.5
  Downloaded untrusted v0.9.0
  Downloaded version_check v0.9.5
  Downloaded axum-core v0.5.6
  Downloaded ciborium v0.2.2
  Downloaded find-msvc-tools v0.1.11
  Downloaded nu-ansi-term v0.50.3
  Downloaded ppv-lite86 v0.2.21
  Downloaded quote v1.0.47
  Downloaded sync_wrapper v1.0.2
  Downloaded wait-timeout v0.2.1
  Downloaded wasm-bindgen-macro v0.2.127
  Downloaded clap v4.6.6
  Downloaded crossbeam-deque v0.8.7
  Downloaded getrandom v0.4.3
  Downloaded jobserver v0.1.35
  Downloaded log v0.4.33
  Downloaded matchit v0.8.4
  Downloaded num-traits v0.2.19
  Downloaded once_cell v1.21.4
  Downloaded pin-project-lite v0.2.17
  Downloaded r-efi v6.0.0
  Downloaded cc v1.4.3
  Downloaded crossbeam-epoch v0.9.20
  Downloaded wasm-bindgen-shared v0.2.127
  Downloaded base64 v0.22.1
  Downloaded bitflags v2.13.1
  Downloaded rand v0.9.5
  Downloaded bumpalo v3.20.3
  Downloaded bytes v1.12.1
  Downloaded criterion v0.5.1
  Downloaded hyper-util v0.1.20
  Downloaded memchr v2.8.3
  Downloaded mio v1.2.2
  Downloaded unarray v0.1.4
  Downloaded windows-link v0.2.1
  Downloaded windows-targets v0.52.6
  Downloaded http v1.5.0
  Downloaded itertools v0.10.5
  Downloaded same-file v1.0.6
  Downloaded clap_builder v4.6.6
  Downloaded futures-util v0.3.34
  Downloaded plotters v0.3.7
  Downloaded axum v0.8.9
  Downloaded hyper v1.11.0
  Downloaded proptest v1.11.0
  Downloaded rayon v1.12.0
  Downloaded tower-layer v0.3.3
  Downloaded aws-lc-rs v1.18.0
  Downloaded tracing-log v0.2.0
  Downloaded rustversion v1.0.23
  Downloaded rusty-fork v0.3.1
  Downloaded slab v0.4.12
  Downloaded tinytemplate v1.2.1
  Downloaded thiserror v1.0.69
  Downloaded shlex v2.0.1
  Downloaded zeroize v1.9.0
  Downloaded webpki-roots v0.26.11
  Downloaded walkdir v2.5.0
  Downloaded zmij v1.0.23
  Downloaded rayon-core v1.13.0
  Downloaded valuable v0.1.1
  Downloaded rustls-pki-types v1.15.1
  Downloaded tracing-attributes v0.1.31
  Downloaded libc v0.2.189
  Downloaded serde_path_to_error v0.1.20
  Downloaded tempfile v3.27.0
  Downloaded wasi v0.11.1+wasi-snapshot-preview1
  Downloaded thiserror-impl v1.0.69
  Downloaded tokio-rustls v0.26.4
  Downloaded sha2 v0.10.9
  Downloaded tower-service v0.3.3
  Downloaded smallvec v1.15.2
  Downloaded sharded-slab v0.1.7
  Downloaded signal-hook-registry v1.4.8
  Downloaded socket2 v0.6.5
  Downloaded unicode-ident v1.0.24
  Downloaded tracing-core v0.1.36
  Downloaded serde_derive v1.0.229
  Downloaded serde_core v1.0.229
  Downloaded wit-bindgen v0.57.1
  Downloaded wasm-bindgen v0.2.127
  Downloaded rustls-webpki v0.103.14
  Downloaded wasm-bindgen-macro-support v0.2.127
  Downloaded zerocopy-derive v0.8.56
  Downloaded regex v1.13.1
  Downloaded serde v1.0.229
  Downloaded typenum v1.20.1
  Downloaded tokio-util v0.7.19
  Downloaded tower v0.5.3
  Downloaded wasip2 v1.0.4+wasi-0.2.12
  Downloaded serde_json v1.0.151
  Downloaded webpki-roots v1.0.9
  Downloaded linux-raw-sys v0.12.1
  Downloaded tracing-subscriber v0.3.23
  Downloaded zerocopy v0.8.56
  Downloaded syn v3.0.3
  Downloaded regex-syntax v0.8.11
  Downloaded syn v2.0.119
  Downloaded rustls v0.23.43
  Downloaded rustix v1.1.4
  Downloaded windows_aarch64_gnullvm v0.52.6
  Downloaded windows_x86_64_gnullvm v0.52.6
  Downloaded tracing v0.1.44
  Downloaded windows_i686_gnullvm v0.52.6
  Downloaded regex-automata v0.4.18
  Downloaded web-sys v0.3.104
  Downloaded windows_aarch64_msvc v0.52.6
  Downloaded windows_x86_64_gnu v0.52.6
  Downloaded windows_x86_64_msvc v0.52.6
  Downloaded windows_i686_msvc v0.52.6
  Downloaded windows_i686_gnu v0.52.6
  Downloaded tokio v1.53.1
  Downloaded ring v0.17.14
  Downloaded windows-sys v0.61.2
  Downloaded windows-sys v0.52.0
  Downloaded aws-lc-sys v0.44.0
